2026-08-18 10:53:24,811 INFO    Application starting
2026-08-18 10:53:25,677 INFO    AutoStar connected
2026-08-18 10:56:45,292 INFO    Camera opened
2026-08-18 10:57:23,154 INFO    Camera closed
2026-08-18 10:57:33,071 INFO    Camera opened
2026-08-18 11:00:15,800 INFO    Camera closed
2026-08-18 11:01:27,263 INFO    Camera opened
2026-08-18 11:02:03,313 INFO    Camera closed
2026-08-18 11:02:13,545 INFO    Application stopped
2026-08-18 11:06:16,224 INFO    Application starting
2026-08-18 11:06:17,060 INFO    AutoStar connected
2026-08-18 11:08:11,383 INFO    Camera opened
2026-08-18 11:08:56,053 INFO    Camera closed
2026-08-18 11:09:18,339 INFO    Camera opened
2026-08-18 11:09:51,186 INFO    Camera closed
2026-08-18 11:10:09,123 INFO    Camera opened
2026-08-18 11:10:43,373 INFO    Camera closed
2026-08-18 11:10:47,637 INFO    Application stopped
2026-08-18 11:38:55,225 INFO    Application starting
2026-08-18 11:38:56,059 INFO    AutoStar connected
2026-08-18 11:39:37,872 INFO    Camera opened
2026-08-18 11:39:56,885 INFO    Camera closed
2026-08-18 11:41:21,986 INFO    Application stopped
2026-08-18 12:00:07,666 INFO    Application starting
2026-08-18 12:00:08,519 INFO    AutoStar connected
2026-08-18 12:00:22,583 INFO    Camera opened
2026-08-18 12:00:40,197 INFO    Camera closed
2026-08-18 12:00:44,703 INFO    Camera opened
2026-08-18 12:00:49,286 INFO    Camera closed
2026-08-18 12:01:17,351 INFO    Camera opened
2026-08-18 12:01:29,351 INFO    Camera closed
2026-08-18 12:01:40,470 INFO    Application stopped
2026-08-18 12:01:54,775 INFO    Application starting
2026-08-18 12:01:55,660 INFO    AutoStar connected
2026-08-18 12:02:20,918 INFO    Application stopped
2026-08-18 12:11:08,100 INFO    Manual Slew speed=FIND
2026-08-18 12:11:13,844 INFO    Manual Slew start: e speed=FIND
2026-08-18 12:11:24,376 INFO    Manual Slew start: w speed=FIND
2026-08-18 12:11:32,608 INFO    Manual Slew start: s speed=FIND
2026-08-18 12:11:37,403 INFO    Manual Slew start: n speed=FIND
2026-08-18 12:11:52,135 INFO    Manual Slew start: e speed=FIND
2026-08-18 12:11:57,100 INFO    Manual Slew start: s speed=FIND
2026-08-18 12:12:05,321 INFO    Manual Slew speed=SLEW
2026-08-18 12:12:07,239 INFO    Manual Slew start: s speed=SLEW
2026-08-18 12:12:11,640 INFO    Manual Slew start: w speed=SLEW
2026-08-18 12:12:14,135 INFO    Manual Slew start: n speed=SLEW
2026-08-18 12:12:20,840 INFO    Manual Slew speed=FIND
2026-08-18 12:12:24,673 INFO    Manual Slew start: w speed=FIND
2026-08-18 12:12:29,071 INFO    Manual Slew start: e speed=FIND
2026-08-18 12:33:37,703 INFO    Application starting
2026-08-18 12:33:38,566 INFO    AutoStar connected
2026-08-18 12:33:49,387 INFO    Camera opened
2026-08-18 12:34:06,999 INFO    Camera closed
2026-08-18 12:34:12,212 INFO    Camera opened
2026-08-18 12:34:17,394 INFO    Camera closed
2026-08-18 12:36:15,517 INFO    Application stopped
2026-08-18 12:41:31,543 INFO    Application starting
2026-08-18 12:41:32,364 INFO    AutoStar connected
2026-08-18 12:42:04,640 INFO    Camera opened
2026-08-18 12:42:16,233 INFO    Guide star selected: index=2 x=442.77 y=255.40 flux=47
2026-08-18 12:42:25,451 INFO    Guide star released
2026-08-18 12:42:30,065 INFO    Guide star selected: index=0 x=403.43 y=22.79 flux=12228
2026-08-18 12:42:31,868 INFO    Guide star released
2026-08-18 12:42:37,845 INFO    Camera closed
2026-08-18 12:42:54,655 INFO    Camera opened
2026-08-18 12:43:02,442 INFO    Guide star selected: index=2 x=442.67 y=256.17 flux=18
2026-08-18 12:43:04,247 INFO    Guide star released
2026-08-18 12:43:07,051 INFO    Guide star selected: index=2 x=441.92 y=255.21 flux=38
2026-08-18 12:43:09,057 INFO    Guide star released
2026-08-18 12:43:10,663 INFO    Camera closed
2026-08-18 12:44:29,271 INFO    Application stopped
2026-08-19 07:56:33,706 INFO    Application starting
2026-08-19 07:56:34,528 INFO    AutoStar connected
2026-08-19 07:56:46,886 INFO    Camera opened
2026-08-19 07:56:56,082 INFO    Guide star locked: index=0 x=149.25 y=258.57 flux=7687
2026-08-19 07:58:32,694 INFO    Guide star released
2026-08-19 07:58:43,714 INFO    Guide star locked: index=0 x=338.92 y=19.68 flux=11109
2026-08-19 08:01:01,817 INFO    Guide star released
2026-08-19 08:01:06,435 INFO    Camera closed
2026-08-19 08:01:10,684 INFO    Application stopped
2026-08-19 08:03:35,444 INFO    Application starting
2026-08-19 08:03:36,280 INFO    AutoStar connected
2026-08-19 08:04:01,817 INFO    Camera opened
2026-08-19 08:04:12,810 INFO    Guide star locked: index=1 x=295.97 y=15.06 flux=62
2026-08-19 08:08:54,839 INFO    Guide star released
2026-08-19 08:08:57,248 INFO    Camera closed
2026-08-19 08:09:01,115 INFO    Application stopped
2026-08-19 08:38:18,246 INFO    Application starting
2026-08-19 08:38:19,059 INFO    AutoStar connected
2026-08-19 08:38:37,333 INFO    Camera opened
2026-08-19 08:38:46,925 INFO    Guide star locked: index=2 x=638.41 y=261.61 flux=120
2026-08-19 08:38:51,342 INFO    Guide star locked: index=2 x=638.41 y=261.48 flux=158
2026-08-19 08:41:49,130 INFO    Guide star released
2026-08-19 08:41:52,942 INFO    Guide star released
2026-08-19 08:41:55,353 INFO    Camera closed
2026-08-19 08:41:59,791 INFO    Application stopped
2026-08-19 09:11:38,257 INFO    Application starting
2026-08-19 09:11:39,083 INFO    AutoStar connected
2026-08-19 09:13:35,293 INFO    Camera opened
2026-08-19 09:13:42,279 INFO    Guide star locked: index=1 x=102.04 y=268.09 flux=880
2026-08-19 09:16:02,993 INFO    Guide star released
2026-08-19 09:16:05,402 INFO    Camera closed
2026-08-19 09:16:09,287 INFO    Application stopped
2026-08-19 09:16:34,811 INFO    Application starting
2026-08-19 09:16:35,645 INFO    AutoStar connected
2026-08-19 09:16:40,341 INFO    Camera opened
2026-08-19 09:16:46,325 INFO    Guide star locked: index=1 x=101.84 y=268.11 flux=640
2026-08-19 09:16:55,185 INFO    Guide star released
2026-08-19 09:16:57,555 INFO    Guide star released
2026-08-19 09:16:59,959 INFO    Camera closed
2026-08-19 09:17:03,663 INFO    Application stopped
